Frame #0: 0x110f25251 WasmFunctionState { stack: [], locals: [1, 42, 43, 44, 45, 46, 47, 48, 49] }
Frame #1: 0x110f25195 WasmFunctionState { stack: [], locals: [2, 42, 43, 44, 45, 46, 47, 48, 49] }
Frame #2: 0x110f2529c WasmFunctionState { stack: [], locals: [3, 42, 43, 44, 45, 46, 47, 48, 49] }
Frame #3: 0x110f25195 WasmFunctionState { stack: [], locals: [4, 42, 43, 44, 45, 46, 47, 48, 49] }
Frame #4: 0x110f2529c WasmFunctionState { stack: [], locals: [5, 42, 43, 44, 45, 46, 47, 48, 49] }
Frame #5: 0x110f25195 WasmFunctionState { stack: [], locals: [6, 42, 43, 44, 45, 46, 47, 48, 49] }
Frame #6: 0x110f2529c WasmFunctionState { stack: [], locals: [7, 42, 43, 44, 45, 46, 47, 48, 49] }
Frame #7: 0x110f25195 WasmFunctionState { stack: [], locals: [8, 42, 43, 44, 45, 46, 47, 48, 49] }
Frame #8: 0x110f2529c WasmFunctionState { stack: [], locals: [9, 42, 43, 44, 45, 46, 47, 48, 49] }
Frame #9: 0x110f25195 WasmFunctionState { stack: [], locals: [10, 42, 43, 44, 45, 46, 47, 48, 49] }
Frame #10: 0x110f25090 WasmFunctionState { stack: [Some(3), None, Some(7)], locals: [0] }
