---
source: tests/integration/cli/tests/snapshot.rs
expression: snapshot
---
{
  "spec": {
    "name": null,
    "wasm_hash": "de860a3f54825854bc12b93c1c20623a",
    "use_packages": [
      "sharrattj/coreutils"
    ],
    "cli_args": [],
    "stdin": null,
    "debug_output": false,
    "enable_threads": true
  },
  "result": {
    "Success": {
      "stdout": "Main program started\nexecve: echo hi-from-child\nhi-from-child\nChild(2) exited with 0\nexecve: echo hi-from-parent\nhi-from-parent\n",
      "stderr": "",
      "exit_code": 0
    }
  }
}
