---
source: tests/integration/cli/tests/snapshot.rs
assertion_line: 590
expression: snapshot
---
{
  "spec": {
    "name": "snapshot::test_snapshot_web_server_async",
    "use_packages": [
      "sharrattj/coreutils",
      "sharrattj/wasmer-sh"
    ],
    "include_webcs": [
      {
        "name": "sharrattj/static-web-server@1.0.92"
      },
      {
        "name": "sharrattj/wasmer-sh@1.0.63"
      },
      {
        "name": "sharrattj/coreutils@1.0.16"
      }
    ],
    "cli_args": [],
    "stdin_hash": "d565078c0e804a85856a4d8f36cbe9af",
    "debug_output": false,
    "enable_threads": true,
    "enable_network": true,
    "enable_async_threads": true
  },
  "result": {
    "Success": {
      "stdout": "",
      "stderr": "# # # # ",
      "exit_code": 0
    }
  }
}
