---
source: tests/integration/cli/tests/snapshot.rs
assertion_line: 622
expression: snapshot
---
{
  "spec": {
    "name": "snapshot::test_snapshot_dash_dev_zero",
    "use_packages": [
      "sharrattj/coreutils"
    ],
    "cli_args": [],
    "stdin": [
      104,
      101,
      97,
      100,
      32,
      45,
      99,
      32,
      49,
      48,
      32,
      47,
      100,
      101,
      118,
      47,
      122,
      101,
      114,
      111
    ],
    "debug_output": false,
    "enable_threads": true,
    "enable_network": false,
    "http_request": null
  },
  "result": {
    "Success": {
      "stdout": "\u0000\u0000\u0000\u0000\u0000\u0000\u0000\u0000\u0000\u0000",
      "stderr": "# # \n",
      "exit_code": 0
    }
  }
}
