---
source: tests/integration/cli/tests/snapshot.rs
expression: snapshot
---
{
  "spec": {
    "name": "snapshot::test_snapshot_fork",
    "use_packages": [
      "sharrattj/coreutils"
    ],
    "cli_args": [],
    "stdin": null,
    "debug_output": false,
    "enable_threads": true
  },
  "result": {
    "Success": {
      "stdout": "Parent has x = 0\nChild has x = 2\nParent memory is good\nChild memory is good\nChild(2) exited with 3\n",
      "stderr": "",
      "exit_code": 0
    }
  }
}
