---
source: tests/integration/cli/tests/snapshot.rs
assertion_line: 487
expression: snapshot
---
{
  "spec": {
    "name": null,
    "wasm_hash": "2c065fad35b19ec4c4d7091ee5ca530d",
    "use_packages": [
      "sharrattj/coreutils"
    ],
    "cli_args": [],
    "stdin": [
      101,
      99,
      104,
      111,
      32,
      104,
      101,
      108,
      108,
      111,
      32,
      124,
      32,
      99,
      97,
      116,
      10,
      101,
      120,
      105,
      116,
      10
    ],
    "debug_output": false,
    "enable_threads": true
  },
  "result": {
    "Success": {
      "stdout": "hello\n",
      "stderr": "2c065fad35b19ec4c4d7091ee5ca530d.wasm-5.1# 2c065fad35b19ec4c4d7091ee5ca530d.wasm-5.1# exit\n",
      "exit_code": 0
    }
  }
}
